// Jest Snapshot v1, https://goo.gl/fbAQLP

exports[`Transaction component should show transaction 1`] = `
<DocumentFragment>
  <div
    class="py-2.5 px-5 me-2 mb-2 text-sm font-medium text-gray-900 focus:outline-none bg-white rounded-lg border border-gray-200 hover:bg-gray-100 hover:text-blue-700 focus:z-10 focus:ring-4 focus:ring-gray-100 dark:focus:ring-gray-700 dark:bg-gray-800 dark:text-gray-400 dark:border-gray-600 dark:hover:text-white dark:hover:bg-gray-700 shadow-lg"
  >
    <p>
      Value: 100.00
    </p>
    <p>
      Date: 2025-01-01
    </p>
    <p>
      Comment: Test transaction
    </p>
  </div>
</DocumentFragment>
`;
